// Jest Snapshot v1, https://goo.gl/fbAQLP

exports[`Results should match snapshot 1`] = `
Array [
  <View
    accessible={true}
    collapsable={false}
    focusable={false}
    nativeID="animatedComponent"
    onClick={[Function]}
    onResponderGrant={[Function]}
    onResponderMove={[Function]}
    onResponderRelease={[Function]}
    onResponderTerminate={[Function]}
    onResponderTerminationRequest={[Function]}
    onStartShouldSetResponder={[Function]}
    style={
      Object {
        "opacity": 1,
      }
    }
  >
    <Text>
      some text 1
    </Text>
  </View>,
  <View
    accessible={true}
    collapsable={false}
    focusable={false}
    nativeID="animatedComponent"
    onClick={[Function]}
    onResponderGrant={[Function]}
    onResponderMove={[Function]}
    onResponderRelease={[Function]}
    onResponderTerminate={[Function]}
    onResponderTerminationRequest={[Function]}
    onStartShouldSetResponder={[Function]}
    style={
      Object {
        "opacity": 1,
      }
    }
  >
    <Text>
      some text 2
    </Text>
  </View>,
]
`;
